# this file contains a list of all communicated objects needed by this
# specific module
# specify these with the .dco extension, examples:
# RepaTest/comm-objects/MyDataObject.dco
# Generic/comm-objects/PrimaryControls.dco
# comm-objects/AudioObjectMotion.dco
#comm-objects/BaseObjectPosition.dco #  Removed for Policy: 'replace-worldview-dco-position':'21-002'
#comm-objects/BaseObjectMotion.dco #  Removed for Policy: 'replace-worldview-dco-motion':'21-001'
comm-objects/ObjectMotion.dco
comm-objects/WorldViewerEvent.dco
comm-objects/WorldViewConfig.dco
comm-objects/ViewSpec.dco
comm-objects/WinSpec.dco
comm-objects/ChildRelation.dco
comm-objects/WorldDataSpec.dco
comm-objects/WorldContact.dco

comm-objects/BaseObjectMotion.dco  # Added for Policy: 'replace-worldview-dco-motion':'21-001'

comm-objects/BaseObjectPosition.dco  # Added for Policy: 'replace-worldview-dco-position':'21-002'

comm-objects/BaseObjectPosition.dco  # Added for Policy: 'add-worldview-dco-position':'21-003'

comm-objects/BaseObjectMotion.dco  # Added for Policy: 'add-worldview-dco-position':'21-003'
