# this file contains a list of all communicated objects needed by this 
# specific module
# specify these with the .dco extension, examples:
# RepaTest/comm-objects/MyDataObject.dco
# Generic/comm-objects/PrimaryControls.dco
# WorldView/comm-objects/AudioObjectMotion.dco
#WorldView/comm-objects/BaseObjectPosition.dco #  Removed for Policy: 'replace-worldview-dco-position':'21-002'
#WorldView/comm-objects/BaseObjectMotion.dco #  Removed for Policy: 'replace-worldview-dco-motion':'21-001'
WorldView/comm-objects/ObjectMotion.dco
WorldView/comm-objects/WorldViewerEvent.dco
WorldView/comm-objects/WorldViewConfig.dco
WorldView/comm-objects/ViewSpec.dco
WorldView/comm-objects/WinSpec.dco
WorldView/comm-objects/WorldDataSpec.dco

WorldView/comm-objects/BaseObjectMotion.dco  # Added for Policy: 'replace-worldview-dco-motion':'21-001'

WorldView/comm-objects/BaseObjectPosition.dco  # Added for Policy: 'replace-worldview-dco-position':'21-002'

WorldView/comm-objects/BaseObjectPosition.dco  # Added for Policy: 'add-worldview-dco-position':'21-003'

WorldView/comm-objects/BaseObjectMotion.dco  # Added for Policy: 'add-worldview-dco-position':'21-003'
